Using pre-set license
Built from 'trunk' branch; Version is '6000.0.11f1 (fa01dd6b76d5) revision 16384477'; Using compiler version '193933523'; Build Type 'Release'
OS: 'Windows 10  (10.0.19044) 64bit Professional' Language: 'ru' Physical Memory: 7561 MB
BatchMode: 1, IsHumanControllingUs: 0, StartBugReporterOnCrash: 0, Is64bit: 1, IsPro: 1

COMMAND LINE ARGUMENTS:
D:\games\Unity\Unity Files (Dont Touch)\2021.3.9f1\6000.0.11f1\Editor\Unity.exe
-adb2
-batchMode
-noUpm
-name
AssetImportWorker5
-projectPath
D:/games/SlidingCubesGame/SlidingBlocksGame
-logFile
Logs/AssetImportWorker5.log
-srvPort
63846
-job-worker-count
5
-background-job-worker-count
8
-asset-garbage-collectors
1
Successfully changed project path to: D:/games/SlidingCubesGame/SlidingBlocksGame
D:/games/SlidingCubesGame/SlidingBlocksGame
[UnityMemory] Configuration Parameters - Can be set up in boot.config
    "memorysetup-bucket-allocator-granularity=16"
    "memorysetup-bucket-allocator-bucket-count=8"
    "memorysetup-bucket-allocator-block-size=33554432"
    "memorysetup-bucket-allocator-block-count=8"
    "memorysetup-main-allocator-block-size=16777216"
    "memorysetup-thread-allocator-block-size=16777216"
    "memorysetup-gfx-main-allocator-block-size=16777216"
    "memorysetup-gfx-thread-allocator-block-size=16777216"
    "memorysetup-cache-allocator-block-size=4194304"
    "memorysetup-typetree-allocator-block-size=2097152"
    "memorysetup-profiler-bucket-allocator-granularity=16"
    "memorysetup-profiler-bucket-allocator-bucket-count=8"
    "memorysetup-profiler-bucket-allocator-block-size=33554432"
    "memorysetup-profiler-bucket-allocator-block-count=8"
    "memorysetup-profiler-allocator-block-size=16777216"
    "memorysetup-profiler-editor-allocator-block-size=1048576"
    "memorysetup-temp-allocator-size-main=16777216"
    "memorysetup-job-temp-allocator-block-size=2097152"
    "memorysetup-job-temp-allocator-block-size-background=1048576"
    "memorysetup-job-temp-allocator-reduction-small-platforms=262144"
    "memorysetup-allocator-temp-initial-block-size-main=262144"
    "memorysetup-allocator-temp-initial-block-size-worker=262144"
    "memorysetup-temp-allocator-size-background-worker=32768"
    "memorysetup-temp-allocator-size-job-worker=262144"
    "memorysetup-temp-allocator-size-preload-manager=33554432"
    "memorysetup-temp-allocator-size-nav-mesh-worker=65536"
    "memorysetup-temp-allocator-size-audio-worker=65536"
    "memorysetup-temp-allocator-size-cloud-worker=32768"
    "memorysetup-temp-allocator-size-gi-baking-worker=262144"
    "memorysetup-temp-allocator-size-gi-baking-worker=262144"
    "memorysetup-temp-allocator-size-gi-baking-worker=262144"
    "memorysetup-temp-allocator-size-gi-baking-worker=262144"
    "memorysetup-temp-allocator-size-gi-baking-worker=262144"
    "memorysetup-temp-allocator-size-gfx=262144"
Player connection [6720]  Target information:

Player connection [6720]  * "[IP] 192.168.170.120 [Port] 0 [Flags] 2 [Guid] 4262197864 [EditorId] 4262197864 [Version] 1048832 [Id] WindowsEditor(7,DESKTOP-J7U7MAN) [Debug] 1 [PackageName] WindowsEditor [ProjectName] Editor" 

Player connection [6720] Host joined multi-casting on [225.0.0.222:54997]...
Player connection [6720] Host joined alternative multi-casting on [225.0.0.222:34997]...
JobSystem: Creating JobQueue using job-worker-count value 5
Library Redirect Path: Library/
[PhysX] Initialized MultithreadedTaskDispatcher with 6 workers.
Refreshing native plugins compatible for Editor in 1.90 ms, found 3 plugins.
Preloading 0 native plugins for Editor in 0.00 ms.
Initialize engine version: 6000.0.11f1 (fa01dd6b76d5)
[Subsystems] Discovering subsystems at path D:/games/Unity/Unity Files (Dont Touch)/2021.3.9f1/6000.0.11f1/Editor/Data/Resources/UnitySubsystems
[Subsystems] Discovering subsystems at path D:/games/SlidingCubesGame/SlidingBlocksGame/Assets
GfxDevice: creating device client; kGfxThreadingModeNonThreaded
Direct3D:
    Version:  Direct3D 11.0 [level 11.1]
    Renderer: AMD Radeon (TM) Graphics (ID=0x15e7)
    Vendor:   ATI
    VRAM:     3780 MB
    Driver:   31.0.12018.5
Initialize mono
Mono path[0] = 'D:/games/Unity/Unity Files (Dont Touch)/2021.3.9f1/6000.0.11f1/Editor/Data/Managed'
Mono path[1] = 'D:/games/Unity/Unity Files (Dont Touch)/2021.3.9f1/6000.0.11f1/Editor/Data/MonoBleedingEdge/lib/mono/unityjit-win32'
Mono config path = 'D:/games/Unity/Unity Files (Dont Touch)/2021.3.9f1/6000.0.11f1/Editor/Data/MonoBleedingEdge/etc'
Using monoOptions --debugger-agent=transport=dt_socket,embedding=1,server=y,suspend=n,address=127.0.0.1:56036
Begin MonoManager ReloadAssembly
Registering precompiled unity dll's ...
Register platform support module: D:/games/Unity/Unity Files (Dont Touch)/2021.3.9f1/6000.0.11f1/Editor/Data/PlaybackEngines/WindowsStandaloneSupport/UnityEditor.WindowsStandalone.Extensions.dll
Registered in 0.001767 seconds.
- Loaded All Assemblies, in  0.351 seconds
Native extension for WindowsStandalone target not found
Mono: successfully reloaded assembly
- Finished resetting the current domain, in  0.370 seconds
Domain Reload Profiling: 721ms
	BeginReloadAssembly (134ms)
		ExecutionOrderSort (0ms)
		DisableScriptedObjects (0ms)
		BackupInstance (0ms)
		ReleaseScriptingObjects (0ms)
		CreateAndSetChildDomain (1ms)
	RebuildCommonClasses (37ms)
	RebuildNativeTypeToScriptingClass (11ms)
	initialDomainReloadingComplete (44ms)
	LoadAllAssembliesAndSetupDomain (125ms)
		LoadAssemblies (133ms)
		RebuildTransferFunctionScriptingTraits (0ms)
		AnalyzeDomain (122ms)
			TypeCache.Refresh (120ms)
				TypeCache.ScanAssembly (109ms)
			BuildScriptInfoCaches (0ms)
			ResolveRequiredComponents (1ms)
	FinalizeReload (370ms)
		ReleaseScriptCaches (0ms)
		RebuildScriptCaches (0ms)
		SetupLoadedEditorAssemblies (331ms)
			LogAssemblyErrors (0ms)
			InitializePlatformSupportModulesInManaged (25ms)
			SetLoadedEditorAssemblies (4ms)
			BeforeProcessingInitializeOnLoad (5ms)
			ProcessInitializeOnLoadAttributes (143ms)
			ProcessInitializeOnLoadMethodAttributes (153ms)
			AfterProcessingInitializeOnLoad (0ms)
			EditorAssembliesLoaded (0ms)
		ExecutionOrderSort2 (0ms)
		AwakeInstancesAfterBackupRestoration (0ms)
========================================================================
Worker process is ready to serve import requests
Import Worker Mode flag is 0x00
Begin MonoManager ReloadAssembly
- Loaded All Assemblies, in  1.258 seconds
'Packages/com.dcfa_pixels.dragonecs-unity/src/Connectors/EcsWorldProvider.cs' contains partial class of Unity.Object, exactly 1 of the partial classes needs to be in a file with the same filename. This is to know the one that can be referenced from ie. GameObjects
'Packages/com.dcfa_pixels.dragonecs-unity/src/Buildin/EcsWorldProvider.cs' contains partial class of Unity.Object, exactly 1 of the partial classes needs to be in a file with the same filename. This is to know the one that can be referenced from ie. GameObjects
Refreshing native plugins compatible for Editor in 1.30 ms, found 3 plugins.
Native extension for WindowsStandalone target not found
Launched and connected shader compiler UnityShaderCompiler.exe after 0.02 seconds
Mono: successfully reloaded assembly
Package Manager log level set to [2]
[Package Manager] Failed to launch server process. Reason: Unity was launched with the -noUpm command-line argument
[Package Manager] Unable to send message (not connected to server process).
[Package Manager] Cannot connect to Unity Package Manager local server
[Package Manager] Failed to launch server process. Reason: Unity was launched with the -noUpm command-line argument
[Package Manager] Unable to send message (not connected to server process).
[Package Manager] Cannot connect to Unity Package Manager local server
- Finished resetting the current domain, in  1.122 seconds
Domain Reload Profiling: 2378ms
	BeginReloadAssembly (578ms)
		ExecutionOrderSort (0ms)
		DisableScriptedObjects (6ms)
		BackupInstance (0ms)
		ReleaseScriptingObjects (0ms)
		CreateAndSetChildDomain (33ms)
	RebuildCommonClasses (35ms)
	RebuildNativeTypeToScriptingClass (11ms)
	initialDomainReloadingComplete (32ms)
	LoadAllAssembliesAndSetupDomain (600ms)
		LoadAssemblies (469ms)
		RebuildTransferFunctionScriptingTraits (0ms)
		AnalyzeDomain (214ms)
			TypeCache.Refresh (172ms)
				TypeCache.ScanAssembly (150ms)
			BuildScriptInfoCaches (36ms)
			ResolveRequiredComponents (4ms)
	FinalizeReload (1122ms)
		ReleaseScriptCaches (0ms)
		RebuildScriptCaches (0ms)
		SetupLoadedEditorAssemblies (889ms)
			LogAssemblyErrors (0ms)
			InitializePlatformSupportModulesInManaged (3ms)
			SetLoadedEditorAssemblies (5ms)
			BeforeProcessingInitializeOnLoad (57ms)
			ProcessInitializeOnLoadAttributes (535ms)
			ProcessInitializeOnLoadMethodAttributes (287ms)
			AfterProcessingInitializeOnLoad (2ms)
			EditorAssembliesLoaded (0ms)
		ExecutionOrderSort2 (0ms)
		AwakeInstancesAfterBackupRestoration (5ms)
Refreshing native plugins compatible for Editor in 1.33 ms, found 3 plugins.
Preloading 0 native plugins for Editor in 0.00 ms.
Unloading 10 Unused Serialized files (Serialized files now loaded: 0)
Unloading 3669 unused Assets / (0.9 MB). Loaded Objects now: 4315.
Memory consumption went from 122.7 MB to 121.8 MB.
Total: 18.769400 ms (FindLiveObjects: 0.501800 ms CreateObjectMapping: 0.248800 ms MarkObjects: 17.047100 ms  DeleteObjects: 0.969600 ms)

========================================================================
Received Import Request.
  Time since last request: 7497.989767 seconds.
  path: Assets/Lowpoly Cube Animals 3D/Material/TreeYellow_material.mat
  artifactKey: Guid(c763843506b65cd44a6862071fbeeda4) Importer(2089858483,0ecaa5967403d082aa24f35e1b516d23)
Start importing Assets/Lowpoly Cube Animals 3D/Material/TreeYellow_material.mat using Guid(c763843506b65cd44a6862071fbeeda4) Importer(2089858483,0ecaa5967403d082aa24f35e1b516d23) (ScriptedImporter)[PhysX] Initialized MultithreadedTaskDispatcher with 6 workers.
 -> (artifact id: 'ab5e28f16bcb0deafe63aae4e6f80320') in 0.2410002 seconds
Number of updated asset objects reloaded before import = 0Number of asset objects unloaded after import = 2

========================================================================
Received Import Request.
  Time since last request: 4.154869 seconds.
  path: Assets/Lowpoly Cube Animals 3D/Materials/Tree2_Map2_material.mat
  artifactKey: Guid(d313e2218ad4c8847aabce4ffb01bbe5) Importer(2089858483,0ecaa5967403d082aa24f35e1b516d23)
Start importing Assets/Lowpoly Cube Animals 3D/Materials/Tree2_Map2_material.mat using Guid(d313e2218ad4c8847aabce4ffb01bbe5) Importer(2089858483,0ecaa5967403d082aa24f35e1b516d23) (ScriptedImporter)[PhysX] Initialized MultithreadedTaskDispatcher with 6 workers.
 -> (artifact id: 'cdd96b1eb08c745ceb645aecfc0871c9') in 0.0111915 seconds
Number of updated asset objects reloaded before import = 0Number of asset objects unloaded after import = 2

========================================================================
Received Import Request.
  Time since last request: 0.000027 seconds.
  path: Assets/Lowpoly Cube Animals 3D/Materials/TileMaterial_0.mat
  artifactKey: Guid(806080bfc8cd32c49bdf18ab3c04402f) Importer(2089858483,0ecaa5967403d082aa24f35e1b516d23)
Start importing Assets/Lowpoly Cube Animals 3D/Materials/TileMaterial_0.mat using Guid(806080bfc8cd32c49bdf18ab3c04402f) Importer(2089858483,0ecaa5967403d082aa24f35e1b516d23) (ScriptedImporter)[PhysX] Initialized MultithreadedTaskDispatcher with 6 workers.
 -> (artifact id: 'f752f86cff7aa886d7523883c0ad351a') in 0.0083179 seconds
Number of updated asset objects reloaded before import = 0Number of asset objects unloaded after import = 2

========================================================================
Received Import Request.
  Time since last request: 0.000022 seconds.
  path: Assets/Lowpoly Cube Animals 3D/Materials/TileMaterial_1.mat
  artifactKey: Guid(b12b4baebf4f98949a33e5c238411fc2) Importer(2089858483,0ecaa5967403d082aa24f35e1b516d23)
Start importing Assets/Lowpoly Cube Animals 3D/Materials/TileMaterial_1.mat using Guid(b12b4baebf4f98949a33e5c238411fc2) Importer(2089858483,0ecaa5967403d082aa24f35e1b516d23) (ScriptedImporter)[PhysX] Initialized MultithreadedTaskDispatcher with 6 workers.
 -> (artifact id: '301c932f1ed77751afdcfcb299ff0292') in 0.0051283 seconds
Number of updated asset objects reloaded before import = 0Number of asset objects unloaded after import = 2

========================================================================
Received Import Request.
  Time since last request: 0.000068 seconds.
  path: Assets/Lowpoly Cube Animals 3D/Materials/Floor_0.mat
  artifactKey: Guid(fd7c3e33e5897c4429d8191a51bc3ec0) Importer(2089858483,0ecaa5967403d082aa24f35e1b516d23)
Start importing Assets/Lowpoly Cube Animals 3D/Materials/Floor_0.mat using Guid(fd7c3e33e5897c4429d8191a51bc3ec0) Importer(2089858483,0ecaa5967403d082aa24f35e1b516d23) (ScriptedImporter)[PhysX] Initialized MultithreadedTaskDispatcher with 6 workers.
 -> (artifact id: '0d4ece0aea5b47b7b7ed5c040cb2bcbb') in 0.0053291 seconds
Number of updated asset objects reloaded before import = 0Number of asset objects unloaded after import = 1

========================================================================
Received Import Request.
  Time since last request: 0.000027 seconds.
  path: Assets/Lowpoly Cube Animals 3D/Materials/Coin_Material.mat
  artifactKey: Guid(ce16c9be5e8f1c54eb279440e73659cb) Importer(2089858483,0ecaa5967403d082aa24f35e1b516d23)
Start importing Assets/Lowpoly Cube Animals 3D/Materials/Coin_Material.mat using Guid(ce16c9be5e8f1c54eb279440e73659cb) Importer(2089858483,0ecaa5967403d082aa24f35e1b516d23) (ScriptedImporter)[PhysX] Initialized MultithreadedTaskDispatcher with 6 workers.
 -> (artifact id: '8eb3bce36a9835837338c4606379d461') in 0.0058249 seconds
Number of updated asset objects reloaded before import = 0Number of asset objects unloaded after import = 2

========================================================================
Received Import Request.
  Time since last request: 0.000024 seconds.
  path: Assets/Lowpoly Cube Animals 3D/Materials/Cube_Stone.mat
  artifactKey: Guid(ed771cb329404cc4d84d68d56303c8b7) Importer(2089858483,0ecaa5967403d082aa24f35e1b516d23)
Start importing Assets/Lowpoly Cube Animals 3D/Materials/Cube_Stone.mat using Guid(ed771cb329404cc4d84d68d56303c8b7) Importer(2089858483,0ecaa5967403d082aa24f35e1b516d23) (ScriptedImporter)[PhysX] Initialized MultithreadedTaskDispatcher with 6 workers.
 -> (artifact id: '63f64e228acacfc4e5c6701f86d63af0') in 0.0107603 seconds
Number of updated asset objects reloaded before import = 0Number of asset objects unloaded after import = 1

========================================================================
Received Import Request.
  Time since last request: 34.204441 seconds.
  path: Assets/Lowpoly Cube Animals 3D/Models/Coin.asset
  artifactKey: Guid(e1eaf3650d9aecc40963080fa960591e) Importer(2089858483,0ecaa5967403d082aa24f35e1b516d23)
Start importing Assets/Lowpoly Cube Animals 3D/Models/Coin.asset using Guid(e1eaf3650d9aecc40963080fa960591e) Importer(2089858483,0ecaa5967403d082aa24f35e1b516d23) (ScriptedImporter)[PhysX] Initialized MultithreadedTaskDispatcher with 6 workers.
 -> (artifact id: '74c2b8f28fb3da33d1f848b7dae5dd42') in 0.0143741 seconds
Number of updated asset objects reloaded before import = 0Number of asset objects unloaded after import = 1

========================================================================
Received Import Request.
  Time since last request: 21.728334 seconds.
  path: Assets/Lowpoly Cube Animals 3D/Models/Environment/Coin.asset
  artifactKey: Guid(e1eaf3650d9aecc40963080fa960591e) Importer(2089858483,0ecaa5967403d082aa24f35e1b516d23)
Start importing Assets/Lowpoly Cube Animals 3D/Models/Environment/Coin.asset using Guid(e1eaf3650d9aecc40963080fa960591e) Importer(2089858483,0ecaa5967403d082aa24f35e1b516d23) (ScriptedImporter)[PhysX] Initialized MultithreadedTaskDispatcher with 6 workers.
 -> (artifact id: '0bbc4f108df68967a0ce9fdfedf1a721') in 0.0125903 seconds
Number of updated asset objects reloaded before import = 0Number of asset objects unloaded after import = 1

========================================================================
Received Import Request.
  Time since last request: 520.543861 seconds.
  path: Assets/Lowpoly Cube Animals 3D/Prefabs/Pig.prefab
  artifactKey: Guid(c261ac2de84915042b720b25b9888203) Importer(2089858483,0ecaa5967403d082aa24f35e1b516d23)
Start importing Assets/Lowpoly Cube Animals 3D/Prefabs/Pig.prefab using Guid(c261ac2de84915042b720b25b9888203) Importer(2089858483,0ecaa5967403d082aa24f35e1b516d23) (ScriptedImporter)[PhysX] Initialized MultithreadedTaskDispatcher with 6 workers.
 -> (artifact id: '6d204aedd3184920c1f33b73ee34eee6') in 0.1299892 seconds
Number of updated asset objects reloaded before import = 0Number of asset objects unloaded after import = 13

========================================================================
Received Import Request.
  Time since last request: 212.390507 seconds.
  path: Assets/Lowpoly Cube Animals 3D/Prefabs/Coin.prefab
  artifactKey: Guid(d19eb0a3287b1904d90b47b592422bd2) Importer(2089858483,0ecaa5967403d082aa24f35e1b516d23)
Start importing Assets/Lowpoly Cube Animals 3D/Prefabs/Coin.prefab using Guid(d19eb0a3287b1904d90b47b592422bd2) Importer(2089858483,0ecaa5967403d082aa24f35e1b516d23) (ScriptedImporter)[PhysX] Initialized MultithreadedTaskDispatcher with 6 workers.
 -> (artifact id: '57e198c9fd84ae49275f3f6822a13a77') in 0.0294617 seconds
Number of updated asset objects reloaded before import = 0Number of asset objects unloaded after import = 7

========================================================================
Received Import Request.
  Time since last request: 1286.312381 seconds.
  path: Assets/Audio/fcoin.ogg
  artifactKey: Guid(5c02ff60faa1d364eb47658c18e7a7d3) Importer(2089858483,0ecaa5967403d082aa24f35e1b516d23)
Start importing Assets/Audio/fcoin.ogg using Guid(5c02ff60faa1d364eb47658c18e7a7d3) Importer(2089858483,0ecaa5967403d082aa24f35e1b516d23) (ScriptedImporter)[PhysX] Initialized MultithreadedTaskDispatcher with 6 workers.
 -> (artifact id: '071660118f6745fcd5a2cd2680bc466b') in 0.2163593 seconds
Number of updated asset objects reloaded before import = 0Number of asset objects unloaded after import = 1

========================================================================
Received Import Request.
  Time since last request: 0.000025 seconds.
  path: Assets/Audio/rewarded.ogg
  artifactKey: Guid(8db97391ab948e740a45ddda09a3f409) Importer(2089858483,0ecaa5967403d082aa24f35e1b516d23)
Start importing Assets/Audio/rewarded.ogg using Guid(8db97391ab948e740a45ddda09a3f409) Importer(2089858483,0ecaa5967403d082aa24f35e1b516d23) (ScriptedImporter)[PhysX] Initialized MultithreadedTaskDispatcher with 6 workers.
 -> (artifact id: 'd1490bf9b6400ab5a3d4a647ae8e6b2e') in 0.0363803 seconds
Number of updated asset objects reloaded before import = 0Number of asset objects unloaded after import = 1

========================================================================
Received Import Request.
  Time since last request: 0.000042 seconds.
  path: Assets/Audio/failed.ogg
  artifactKey: Guid(e5837e34b3025594da50c763e6476497) Importer(2089858483,0ecaa5967403d082aa24f35e1b516d23)
Start importing Assets/Audio/failed.ogg using Guid(e5837e34b3025594da50c763e6476497) Importer(2089858483,0ecaa5967403d082aa24f35e1b516d23) (ScriptedImporter)[PhysX] Initialized MultithreadedTaskDispatcher with 6 workers.
 -> (artifact id: 'dfa5415f5f5cfcc7c1030a7fbb4bcb5a') in 0.0172301 seconds
Number of updated asset objects reloaded before import = 0Number of asset objects unloaded after import = 1

========================================================================
Received Import Request.
  Time since last request: 0.000017 seconds.
  path: Assets/Audio/button.ogg
  artifactKey: Guid(73dee70f761c15643a2e29694a4ae311) Importer(2089858483,0ecaa5967403d082aa24f35e1b516d23)
Start importing Assets/Audio/button.ogg using Guid(73dee70f761c15643a2e29694a4ae311) Importer(2089858483,0ecaa5967403d082aa24f35e1b516d23) (ScriptedImporter)[PhysX] Initialized MultithreadedTaskDispatcher with 6 workers.
 -> (artifact id: 'b3a48f9135405d16c7552d7233cfda12') in 0.0309519 seconds
Number of updated asset objects reloaded before import = 0Number of asset objects unloaded after import = 1

========================================================================
Received Import Request.
  Time since last request: 0.000020 seconds.
  path: Assets/Audio/oaklawn-dreams.ogg
  artifactKey: Guid(dd5ef66239f3c3c4fb1ff5a3561d04c7) Importer(2089858483,0ecaa5967403d082aa24f35e1b516d23)
Start importing Assets/Audio/oaklawn-dreams.ogg using Guid(dd5ef66239f3c3c4fb1ff5a3561d04c7) Importer(2089858483,0ecaa5967403d082aa24f35e1b516d23) (ScriptedImporter)[PhysX] Initialized MultithreadedTaskDispatcher with 6 workers.
 -> (artifact id: '8975e9a02660654d282a1380a4a12454') in 0.2494968 seconds
Number of updated asset objects reloaded before import = 0Number of asset objects unloaded after import = 1

========================================================================
Received Import Request.
  Time since last request: 1.447074 seconds.
  path: Assets/_Project/Audio/fcoin.ogg
  artifactKey: Guid(5c02ff60faa1d364eb47658c18e7a7d3) Importer(2089858483,0ecaa5967403d082aa24f35e1b516d23)
Start importing Assets/_Project/Audio/fcoin.ogg using Guid(5c02ff60faa1d364eb47658c18e7a7d3) Importer(2089858483,0ecaa5967403d082aa24f35e1b516d23) (ScriptedImporter)[PhysX] Initialized MultithreadedTaskDispatcher with 6 workers.
 -> (artifact id: 'df88a3a7926d173869f58dd8feb10828') in 0.0187136 seconds
Number of updated asset objects reloaded before import = 0Number of asset objects unloaded after import = 1

========================================================================
Received Import Request.
  Time since last request: 0.000141 seconds.
  path: Assets/_Project/Audio/rewarded.ogg
  artifactKey: Guid(8db97391ab948e740a45ddda09a3f409) Importer(2089858483,0ecaa5967403d082aa24f35e1b516d23)
Start importing Assets/_Project/Audio/rewarded.ogg using Guid(8db97391ab948e740a45ddda09a3f409) Importer(2089858483,0ecaa5967403d082aa24f35e1b516d23) (ScriptedImporter)[PhysX] Initialized MultithreadedTaskDispatcher with 6 workers.
 -> (artifact id: 'e474b4729caf314276a99fcbd61d3a96') in 0.0155724 seconds
Number of updated asset objects reloaded before import = 0Number of asset objects unloaded after import = 1

========================================================================
Received Import Request.
  Time since last request: 0.000026 seconds.
  path: Assets/_Project/Audio/failed.ogg
  artifactKey: Guid(e5837e34b3025594da50c763e6476497) Importer(2089858483,0ecaa5967403d082aa24f35e1b516d23)
Start importing Assets/_Project/Audio/failed.ogg using Guid(e5837e34b3025594da50c763e6476497) Importer(2089858483,0ecaa5967403d082aa24f35e1b516d23) (ScriptedImporter)[PhysX] Initialized MultithreadedTaskDispatcher with 6 workers.
 -> (artifact id: 'a617c35e3e1f15abc7573eee5ced8900') in 0.0175182 seconds
Number of updated asset objects reloaded before import = 0Number of asset objects unloaded after import = 1

========================================================================
Received Import Request.
  Time since last request: 0.000026 seconds.
  path: Assets/_Project/Audio/button.ogg
  artifactKey: Guid(73dee70f761c15643a2e29694a4ae311) Importer(2089858483,0ecaa5967403d082aa24f35e1b516d23)
Start importing Assets/_Project/Audio/button.ogg using Guid(73dee70f761c15643a2e29694a4ae311) Importer(2089858483,0ecaa5967403d082aa24f35e1b516d23) (ScriptedImporter)[PhysX] Initialized MultithreadedTaskDispatcher with 6 workers.
 -> (artifact id: 'cb5c224b14bd066c9ef4e0d59a08f589') in 0.0291715 seconds
Number of updated asset objects reloaded before import = 0Number of asset objects unloaded after import = 1

========================================================================
Received Import Request.
  Time since last request: 0.000037 seconds.
  path: Assets/_Project/Audio/score.ogg
  artifactKey: Guid(c0d8b3381d0b98a43bb2b8c4de9a98c1) Importer(2089858483,0ecaa5967403d082aa24f35e1b516d23)
Start importing Assets/_Project/Audio/score.ogg using Guid(c0d8b3381d0b98a43bb2b8c4de9a98c1) Importer(2089858483,0ecaa5967403d082aa24f35e1b516d23) (ScriptedImporter)[PhysX] Initialized MultithreadedTaskDispatcher with 6 workers.
 -> (artifact id: '12fe78adfa41e139b21a0b2fae8dd7b5') in 0.0435782 seconds
Number of updated asset objects reloaded before import = 0Number of asset objects unloaded after import = 1

========================================================================
Received Import Request.
  Time since last request: 1.688688 seconds.
  path: Assets/_Project/AudioMixerController/Mix.mixer
  artifactKey: Guid(5a0509d7541639549b3816a97324582b) Importer(2089858483,0ecaa5967403d082aa24f35e1b516d23)
Start importing Assets/_Project/AudioMixerController/Mix.mixer using Guid(5a0509d7541639549b3816a97324582b) Importer(2089858483,0ecaa5967403d082aa24f35e1b516d23) (ScriptedImporter)[PhysX] Initialized MultithreadedTaskDispatcher with 6 workers.
Refreshing native plugins compatible for Editor in 14.03 ms, found 3 plugins.
Preloading 0 native plugins for Editor in 0.00 ms.
 -> (artifact id: '517609d4b5b4b483dc1263be080a380a') in 0.1784282 seconds
Number of updated asset objects reloaded before import = 0Number of asset objects unloaded after import = 19

========================================================================
Received Import Request.
  Time since last request: 141.854778 seconds.
  path: Assets/Lowpoly Cube Animals 3D/Texture2D/Tut02.png
  artifactKey: Guid(c10a1f40ebe2cc74caa85513ea7ae623) Importer(2089858483,0ecaa5967403d082aa24f35e1b516d23)
Start importing Assets/Lowpoly Cube Animals 3D/Texture2D/Tut02.png using Guid(c10a1f40ebe2cc74caa85513ea7ae623) Importer(2089858483,0ecaa5967403d082aa24f35e1b516d23) (ScriptedImporter)[PhysX] Initialized MultithreadedTaskDispatcher with 6 workers.
 -> (artifact id: '9566f0cccc6586c763e63487ee61e253') in 0.378451 seconds
Number of updated asset objects reloaded before import = 0Number of asset objects unloaded after import = 3

========================================================================
Received Import Request.
  Time since last request: 0.000029 seconds.
  path: Assets/Lowpoly Cube Animals 3D/Texture2D/square_0.png
  artifactKey: Guid(1532648721b441f439f5896d26d32ca5) Importer(2089858483,0ecaa5967403d082aa24f35e1b516d23)
Start importing Assets/Lowpoly Cube Animals 3D/Texture2D/square_0.png using Guid(1532648721b441f439f5896d26d32ca5) Importer(2089858483,0ecaa5967403d082aa24f35e1b516d23) (ScriptedImporter)[PhysX] Initialized MultithreadedTaskDispatcher with 6 workers.
 -> (artifact id: 'ddff2aaf9afa6076e49317b87eeea560') in 0.0167856 seconds
Number of updated asset objects reloaded before import = 0Number of asset objects unloaded after import = 3

========================================================================
Received Import Request.
  Time since last request: 0.000030 seconds.
  path: Assets/Lowpoly Cube Animals 3D/Texture2D/Coin_1.png
  artifactKey: Guid(33d54d415423e134487db0ef9b8048ca) Importer(2089858483,0ecaa5967403d082aa24f35e1b516d23)
Start importing Assets/Lowpoly Cube Animals 3D/Texture2D/Coin_1.png using Guid(33d54d415423e134487db0ef9b8048ca) Importer(2089858483,0ecaa5967403d082aa24f35e1b516d23) (ScriptedImporter)[PhysX] Initialized MultithreadedTaskDispatcher with 6 workers.
 -> (artifact id: '996f13a52e1716ff1a577969f923ffdc') in 0.0243583 seconds
Number of updated asset objects reloaded before import = 0Number of asset objects unloaded after import = 1

========================================================================
Received Import Request.
  Time since last request: 0.000025 seconds.
  path: Assets/Lowpoly Cube Animals 3D/Texture2D/Tree2_Map2.png
  artifactKey: Guid(44c475b5541160a42bad38caad2ebdb2) Importer(2089858483,0ecaa5967403d082aa24f35e1b516d23)
Start importing Assets/Lowpoly Cube Animals 3D/Texture2D/Tree2_Map2.png using Guid(44c475b5541160a42bad38caad2ebdb2) Importer(2089858483,0ecaa5967403d082aa24f35e1b516d23) (ScriptedImporter)[PhysX] Initialized MultithreadedTaskDispatcher with 6 workers.
 -> (artifact id: '3dc82d4c607b7bd3fb334a443204bf0b') in 0.0264675 seconds
Number of updated asset objects reloaded before import = 0Number of asset objects unloaded after import = 1

========================================================================
Received Import Request.
  Time since last request: 0.000027 seconds.
  path: Assets/Lowpoly Cube Animals 3D/Texture2D/video.png
  artifactKey: Guid(4caf63eab6cb4d744ba7390edbbc6dad) Importer(2089858483,0ecaa5967403d082aa24f35e1b516d23)
Start importing Assets/Lowpoly Cube Animals 3D/Texture2D/video.png using Guid(4caf63eab6cb4d744ba7390edbbc6dad) Importer(2089858483,0ecaa5967403d082aa24f35e1b516d23) (ScriptedImporter)[PhysX] Initialized MultithreadedTaskDispatcher with 6 workers.
 -> (artifact id: 'deb07fda2696945fed8da5d07a874fa9') in 0.014084 seconds
Number of updated asset objects reloaded before import = 0Number of asset objects unloaded after import = 3

========================================================================
Received Import Request.
  Time since last request: 0.000032 seconds.
  path: Assets/Lowpoly Cube Animals 3D/Texture2D/cancel.png
  artifactKey: Guid(c0f844149bb79344289f4ef078a4c212) Importer(2089858483,0ecaa5967403d082aa24f35e1b516d23)
Start importing Assets/Lowpoly Cube Animals 3D/Texture2D/cancel.png using Guid(c0f844149bb79344289f4ef078a4c212) Importer(2089858483,0ecaa5967403d082aa24f35e1b516d23) (ScriptedImporter)[PhysX] Initialized MultithreadedTaskDispatcher with 6 workers.
 -> (artifact id: '50d6047818b18e7c06a5ae7e890d441c') in 0.0198123 seconds
Number of updated asset objects reloaded before import = 0Number of asset objects unloaded after import = 3

========================================================================
Received Import Request.
  Time since last request: 0.000024 seconds.
  path: Assets/Lowpoly Cube Animals 3D/Texture2D/music_on.png
  artifactKey: Guid(8b8e2bb654fb2a740a86444b288b9b17) Importer(2089858483,0ecaa5967403d082aa24f35e1b516d23)
Start importing Assets/Lowpoly Cube Animals 3D/Texture2D/music_on.png using Guid(8b8e2bb654fb2a740a86444b288b9b17) Importer(2089858483,0ecaa5967403d082aa24f35e1b516d23) (ScriptedImporter)[PhysX] Initialized MultithreadedTaskDispatcher with 6 workers.
 -> (artifact id: 'fe70e9db878841770f76e45d20d38759') in 0.0207746 seconds
Number of updated asset objects reloaded before import = 0Number of asset objects unloaded after import = 3

========================================================================
Received Import Request.
  Time since last request: 0.000039 seconds.
  path: Assets/Lowpoly Cube Animals 3D/Texture2D/Tut06.png
  artifactKey: Guid(20b7b80e550a9ea40b49a69e335ebc24) Importer(2089858483,0ecaa5967403d082aa24f35e1b516d23)
Start importing Assets/Lowpoly Cube Animals 3D/Texture2D/Tut06.png using Guid(20b7b80e550a9ea40b49a69e335ebc24) Importer(2089858483,0ecaa5967403d082aa24f35e1b516d23) (ScriptedImporter)[PhysX] Initialized MultithreadedTaskDispatcher with 6 workers.
 -> (artifact id: '50836deb8c0328847a720af9bab2596b') in 0.0194498 seconds
Number of updated asset objects reloaded before import = 0Number of asset objects unloaded after import = 3

========================================================================
Received Import Request.
  Time since last request: 0.000030 seconds.
  path: Assets/Lowpoly Cube Animals 3D/Texture2D/restart.png
  artifactKey: Guid(30cc2aaec6089b8458f56f4ca5b83465) Importer(2089858483,0ecaa5967403d082aa24f35e1b516d23)
Start importing Assets/Lowpoly Cube Animals 3D/Texture2D/restart.png using Guid(30cc2aaec6089b8458f56f4ca5b83465) Importer(2089858483,0ecaa5967403d082aa24f35e1b516d23) (ScriptedImporter)[PhysX] Initialized MultithreadedTaskDispatcher with 6 workers.
 -> (artifact id: 'd6cbc988731780046a1f5cc141894bf7') in 0.0187506 seconds
Number of updated asset objects reloaded before import = 0Number of asset objects unloaded after import = 3

========================================================================
Received Import Request.
  Time since last request: 0.000039 seconds.
  path: Assets/Lowpoly Cube Animals 3D/Texture2D/settings.png
  artifactKey: Guid(cf6809339826f7148b2cd42ea1a8c720) Importer(2089858483,0ecaa5967403d082aa24f35e1b516d23)
Start importing Assets/Lowpoly Cube Animals 3D/Texture2D/settings.png using Guid(cf6809339826f7148b2cd42ea1a8c720) Importer(2089858483,0ecaa5967403d082aa24f35e1b516d23) (ScriptedImporter)[PhysX] Initialized MultithreadedTaskDispatcher with 6 workers.
 -> (artifact id: 'f312cfd034f86b969622b3d6c2b1ebb4') in 0.0195193 seconds
Number of updated asset objects reloaded before import = 0Number of asset objects unloaded after import = 3

========================================================================
Received Import Request.
  Time since last request: 0.000032 seconds.
  path: Assets/Lowpoly Cube Animals 3D/Texture2D/achievement.png
  artifactKey: Guid(869d2f04e72a9274fafe02691af19c1a) Importer(2089858483,0ecaa5967403d082aa24f35e1b516d23)
Start importing Assets/Lowpoly Cube Animals 3D/Texture2D/achievement.png using Guid(869d2f04e72a9274fafe02691af19c1a) Importer(2089858483,0ecaa5967403d082aa24f35e1b516d23) (ScriptedImporter)[PhysX] Initialized MultithreadedTaskDispatcher with 6 workers.
 -> (artifact id: 'ca0be02a875f29d43393a1add1887581') in 0.0192619 seconds
Number of updated asset objects reloaded before import = 0Number of asset objects unloaded after import = 3

========================================================================
Received Import Request.
  Time since last request: 0.000026 seconds.
  path: Assets/Lowpoly Cube Animals 3D/Texture2D/remove-ads.png
  artifactKey: Guid(9cdad3a5f82e89441a7c201f2a59b65a) Importer(2089858483,0ecaa5967403d082aa24f35e1b516d23)
Start importing Assets/Lowpoly Cube Animals 3D/Texture2D/remove-ads.png using Guid(9cdad3a5f82e89441a7c201f2a59b65a) Importer(2089858483,0ecaa5967403d082aa24f35e1b516d23) (ScriptedImporter)[PhysX] Initialized MultithreadedTaskDispatcher with 6 workers.
 -> (artifact id: '48720efee4d5bec634074a6a0fc2f061') in 0.0136082 seconds
Number of updated asset objects reloaded before import = 0Number of asset objects unloaded after import = 3

========================================================================
Received Import Request.
  Time since last request: 0.000037 seconds.
  path: Assets/Lowpoly Cube Animals 3D/Texture2D/leaderboard.png
  artifactKey: Guid(64db40c59f2fa5f42bf59836bbb7b342) Importer(2089858483,0ecaa5967403d082aa24f35e1b516d23)
Start importing Assets/Lowpoly Cube Animals 3D/Texture2D/leaderboard.png using Guid(64db40c59f2fa5f42bf59836bbb7b342) Importer(2089858483,0ecaa5967403d082aa24f35e1b516d23) (ScriptedImporter)[PhysX] Initialized MultithreadedTaskDispatcher with 6 workers.
 -> (artifact id: '3102d3d708ffa3cbc765fdb8ffe282ac') in 0.0122642 seconds
Number of updated asset objects reloaded before import = 0Number of asset objects unloaded after import = 3

========================================================================
Received Import Request.
  Time since last request: 0.000041 seconds.
  path: Assets/Lowpoly Cube Animals 3D/Texture2D/ButtonCircle.png
  artifactKey: Guid(60cc23fa03c357f49a961b7a04b7ef78) Importer(2089858483,0ecaa5967403d082aa24f35e1b516d23)
Start importing Assets/Lowpoly Cube Animals 3D/Texture2D/ButtonCircle.png using Guid(60cc23fa03c357f49a961b7a04b7ef78) Importer(2089858483,0ecaa5967403d082aa24f35e1b516d23) (ScriptedImporter)[PhysX] Initialized MultithreadedTaskDispatcher with 6 workers.
 -> (artifact id: 'f9a5ed721778946581ed745438ca8d55') in 0.0164101 seconds
Number of updated asset objects reloaded before import = 0Number of asset objects unloaded after import = 3

========================================================================
Received Import Request.
  Time since last request: 0.000026 seconds.
  path: Assets/Lowpoly Cube Animals 3D/Texture2D/rate.png
  artifactKey: Guid(f7532b1658cd0f444868012aa8811685) Importer(2089858483,0ecaa5967403d082aa24f35e1b516d23)
Start importing Assets/Lowpoly Cube Animals 3D/Texture2D/rate.png using Guid(f7532b1658cd0f444868012aa8811685) Importer(2089858483,0ecaa5967403d082aa24f35e1b516d23) (ScriptedImporter)[PhysX] Initialized MultithreadedTaskDispatcher with 6 workers.
 -> (artifact id: '64567d3a0a29d2755c00c004a5de7ead') in 0.0165225 seconds
Number of updated asset objects reloaded before import = 0Number of asset objects unloaded after import = 3

========================================================================
Received Import Request.
  Time since last request: 0.000029 seconds.
  path: Assets/Lowpoly Cube Animals 3D/Texture2D/CoinCube.png
  artifactKey: Guid(310b748f13288e54d8ed94e286c16fc5) Importer(2089858483,0ecaa5967403d082aa24f35e1b516d23)
Start importing Assets/Lowpoly Cube Animals 3D/Texture2D/CoinCube.png using Guid(310b748f13288e54d8ed94e286c16fc5) Importer(2089858483,0ecaa5967403d082aa24f35e1b516d23) (ScriptedImporter)[PhysX] Initialized MultithreadedTaskDispatcher with 6 workers.
 -> (artifact id: '54b8e85d9d2dc20111c981aeff42b189') in 0.0158797 seconds
Number of updated asset objects reloaded before import = 0Number of asset objects unloaded after import = 3

========================================================================
Received Import Request.
  Time since last request: 0.000020 seconds.
  path: Assets/Lowpoly Cube Animals 3D/Texture2D/png_icon.png
  artifactKey: Guid(5ff06ae9de03f3749929a9908a284594) Importer(2089858483,0ecaa5967403d082aa24f35e1b516d23)
Start importing Assets/Lowpoly Cube Animals 3D/Texture2D/png_icon.png using Guid(5ff06ae9de03f3749929a9908a284594) Importer(2089858483,0ecaa5967403d082aa24f35e1b516d23) (ScriptedImporter)[PhysX] Initialized MultithreadedTaskDispatcher with 6 workers.
 -> (artifact id: '19e58c80d0f85ca34ed8d5bc1012ca1e') in 0.0127593 seconds
Number of updated asset objects reloaded before import = 0Number of asset objects unloaded after import = 3

========================================================================
Received Import Request.
  Time since last request: 0.000025 seconds.
  path: Assets/Lowpoly Cube Animals 3D/Texture2D/gif_icon.png
  artifactKey: Guid(809ea2fd2b0e9d143b606055d7f11188) Importer(2089858483,0ecaa5967403d082aa24f35e1b516d23)
Start importing Assets/Lowpoly Cube Animals 3D/Texture2D/gif_icon.png using Guid(809ea2fd2b0e9d143b606055d7f11188) Importer(2089858483,0ecaa5967403d082aa24f35e1b516d23) (ScriptedImporter)[PhysX] Initialized MultithreadedTaskDispatcher with 6 workers.
 -> (artifact id: 'efef4fd90d19160923ebab282f51d66f') in 0.0148587 seconds
Number of updated asset objects reloaded before import = 0Number of asset objects unloaded after import = 3

========================================================================
Received Import Request.
  Time since last request: 0.000028 seconds.
  path: Assets/Lowpoly Cube Animals 3D/Texture2D/sunburst.png
  artifactKey: Guid(27c0003af9277c84c9bb8b043f40f064) Importer(2089858483,0ecaa5967403d082aa24f35e1b516d23)
Start importing Assets/Lowpoly Cube Animals 3D/Texture2D/sunburst.png using Guid(27c0003af9277c84c9bb8b043f40f064) Importer(2089858483,0ecaa5967403d082aa24f35e1b516d23) (ScriptedImporter)[PhysX] Initialized MultithreadedTaskDispatcher with 6 workers.
 -> (artifact id: '646812017ddbf69ff9a0666ad0318ba0') in 0.0146539 seconds
Number of updated asset objects reloaded before import = 0Number of asset objects unloaded after import = 3

========================================================================
Received Import Request.
  Time since last request: 0.000032 seconds.
  path: Assets/Lowpoly Cube Animals 3D/Texture2D/Tut05.png
  artifactKey: Guid(76ce0add900607849a6ceb5b442570b6) Importer(2089858483,0ecaa5967403d082aa24f35e1b516d23)
Start importing Assets/Lowpoly Cube Animals 3D/Texture2D/Tut05.png using Guid(76ce0add900607849a6ceb5b442570b6) Importer(2089858483,0ecaa5967403d082aa24f35e1b516d23) (ScriptedImporter)[PhysX] Initialized MultithreadedTaskDispatcher with 6 workers.
 -> (artifact id: '9f9eb0ca0eef8eecc93476d58481a8cc') in 0.0159567 seconds
Number of updated asset objects reloaded before import = 0Number of asset objects unloaded after import = 3

========================================================================
Received Import Request.
  Time since last request: 0.000038 seconds.
  path: Assets/Lowpoly Cube Animals 3D/Texture2D/sound_off.png
  artifactKey: Guid(1c9d22656b7d1eb4bb6b31d721b8405a) Importer(2089858483,0ecaa5967403d082aa24f35e1b516d23)
Start importing Assets/Lowpoly Cube Animals 3D/Texture2D/sound_off.png using Guid(1c9d22656b7d1eb4bb6b31d721b8405a) Importer(2089858483,0ecaa5967403d082aa24f35e1b516d23) (ScriptedImporter)[PhysX] Initialized MultithreadedTaskDispatcher with 6 workers.
 -> (artifact id: 'b45763de141e3f6af3135bf0bfd9f68f') in 0.0142603 seconds
Number of updated asset objects reloaded before import = 0Number of asset objects unloaded after import = 3

========================================================================
Received Import Request.
  Time since last request: 0.000024 seconds.
  path: Assets/Lowpoly Cube Animals 3D/Texture2D/Square.png
  artifactKey: Guid(a804adbdc5ebc314c94974baa688b982) Importer(2089858483,0ecaa5967403d082aa24f35e1b516d23)
Start importing Assets/Lowpoly Cube Animals 3D/Texture2D/Square.png using Guid(a804adbdc5ebc314c94974baa688b982) Importer(2089858483,0ecaa5967403d082aa24f35e1b516d23) (ScriptedImporter)[PhysX] Initialized MultithreadedTaskDispatcher with 6 workers.
 -> (artifact id: 'a8e0192eb05cb42e114687a5048239fe') in 0.0204846 seconds
Number of updated asset objects reloaded before import = 0Number of asset objects unloaded after import = 1

========================================================================
Received Import Request.
  Time since last request: 0.000022 seconds.
  path: Assets/Lowpoly Cube Animals 3D/Texture2D/share.png
  artifactKey: Guid(fe03b2dae35babf499944105ad4be01d) Importer(2089858483,0ecaa5967403d082aa24f35e1b516d23)
Start importing Assets/Lowpoly Cube Animals 3D/Texture2D/share.png using Guid(fe03b2dae35babf499944105ad4be01d) Importer(2089858483,0ecaa5967403d082aa24f35e1b516d23) (ScriptedImporter)[PhysX] Initialized MultithreadedTaskDispatcher with 6 workers.
 -> (artifact id: '9664380f25abc058d1d654b9f8cec351') in 0.0104446 seconds
Number of updated asset objects reloaded before import = 0Number of asset objects unloaded after import = 3

========================================================================
Received Import Request.
  Time since last request: 0.000025 seconds.
  path: Assets/Lowpoly Cube Animals 3D/Texture2D/Tut01.png
  artifactKey: Guid(c14f2deca5841524d914ada731960425) Importer(2089858483,0ecaa5967403d082aa24f35e1b516d23)
Start importing Assets/Lowpoly Cube Animals 3D/Texture2D/Tut01.png using Guid(c14f2deca5841524d914ada731960425) Importer(2089858483,0ecaa5967403d082aa24f35e1b516d23) (ScriptedImporter)[PhysX] Initialized MultithreadedTaskDispatcher with 6 workers.
 -> (artifact id: '6878f9e9631147013b84c62b540c1e02') in 0.016202 seconds
Number of updated asset objects reloaded before import = 0Number of asset objects unloaded after import = 3

========================================================================
Received Import Request.
  Time since last request: 0.000025 seconds.
  path: Assets/Lowpoly Cube Animals 3D/Texture2D/twitter.png
  artifactKey: Guid(c0d5985cd724f0d45953a2e23b18d928) Importer(2089858483,0ecaa5967403d082aa24f35e1b516d23)
Start importing Assets/Lowpoly Cube Animals 3D/Texture2D/twitter.png using Guid(c0d5985cd724f0d45953a2e23b18d928) Importer(2089858483,0ecaa5967403d082aa24f35e1b516d23) (ScriptedImporter)[PhysX] Initialized MultithreadedTaskDispatcher with 6 workers.
 -> (artifact id: 'a5643385ca32bd29b539d2f467b57f55') in 0.0132291 seconds
Number of updated asset objects reloaded before import = 0Number of asset objects unloaded after import = 3

========================================================================
Received Import Request.
  Time since last request: 0.000034 seconds.
  path: Assets/Lowpoly Cube Animals 3D/Texture2D/music_off.png
  artifactKey: Guid(73c226ced0bb9264b950fe6547a459b5) Importer(2089858483,0ecaa5967403d082aa24f35e1b516d23)
Start importing Assets/Lowpoly Cube Animals 3D/Texture2D/music_off.png using Guid(73c226ced0bb9264b950fe6547a459b5) Importer(2089858483,0ecaa5967403d082aa24f35e1b516d23) (ScriptedImporter)[PhysX] Initialized MultithreadedTaskDispatcher with 6 workers.
 -> (artifact id: '8ede6cadbc6f27232640351e7eaabff1') in 0.0198007 seconds
Number of updated asset objects reloaded before import = 0Number of asset objects unloaded after import = 3

========================================================================
Received Import Request.
  Time since last request: 0.000028 seconds.
  path: Assets/Lowpoly Cube Animals 3D/Texture2D/lock.png
  artifactKey: Guid(3f49e87d6e0d45b4b906b69f9feadd53) Importer(2089858483,0ecaa5967403d082aa24f35e1b516d23)
Start importing Assets/Lowpoly Cube Animals 3D/Texture2D/lock.png using Guid(3f49e87d6e0d45b4b906b69f9feadd53) Importer(2089858483,0ecaa5967403d082aa24f35e1b516d23) (ScriptedImporter)[PhysX] Initialized MultithreadedTaskDispatcher with 6 workers.
 -> (artifact id: '06055d40a1b17ae5e5115aec1fae57e5') in 0.011377 seconds
Number of updated asset objects reloaded before import = 0Number of asset objects unloaded after import = 3

========================================================================
Received Import Request.
  Time since last request: 0.000030 seconds.
  path: Assets/Lowpoly Cube Animals 3D/Texture2D/rounded.png
  artifactKey: Guid(a5343608bff5b9848887a87f791b8723) Importer(2089858483,0ecaa5967403d082aa24f35e1b516d23)
Start importing Assets/Lowpoly Cube Animals 3D/Texture2D/rounded.png using Guid(a5343608bff5b9848887a87f791b8723) Importer(2089858483,0ecaa5967403d082aa24f35e1b516d23) (ScriptedImporter)[PhysX] Initialized MultithreadedTaskDispatcher with 6 workers.
 -> (artifact id: 'eefe0afc9dc1f839fe3a7b1cbaeea8d7') in 0.0123313 seconds
Number of updated asset objects reloaded before import = 0Number of asset objects unloaded after import = 3

========================================================================
Received Import Request.
  Time since last request: 9.609543 seconds.
  path: Assets/_Project/Lowpoly Cube Animals 3D/Models/Animals
  artifactKey: Guid(fe74bd3d58eaa1a4e94033566b4e1de1) Importer(2089858483,0ecaa5967403d082aa24f35e1b516d23)
Start importing Assets/_Project/Lowpoly Cube Animals 3D/Models/Animals using Guid(fe74bd3d58eaa1a4e94033566b4e1de1) Importer(2089858483,0ecaa5967403d082aa24f35e1b516d23) (ScriptedImporter)[PhysX] Initialized MultithreadedTaskDispatcher with 6 workers.
 -> (artifact id: 'd8625113b26d830395009aaf336e4846') in 0.0086087 seconds
Number of updated asset objects reloaded before import = 0Number of asset objects unloaded after import = 1

========================================================================
Received Import Request.
  Time since last request: 0.000030 seconds.
  path: Assets/_Project/Lowpoly Cube Animals 3D/Materials/GreenLeaf_Material.mat
  artifactKey: Guid(d50327eefcae406468e433d25173c08d) Importer(2089858483,0ecaa5967403d082aa24f35e1b516d23)
Start importing Assets/_Project/Lowpoly Cube Animals 3D/Materials/GreenLeaf_Material.mat using Guid(d50327eefcae406468e433d25173c08d) Importer(2089858483,0ecaa5967403d082aa24f35e1b516d23) (ScriptedImporter)[PhysX] Initialized MultithreadedTaskDispatcher with 6 workers.
 -> (artifact id: 'b18784575fd2f09d4db2b55ab7f579cd') in 0.0258209 seconds
Number of updated asset objects reloaded before import = 0Number of asset objects unloaded after import = 1

========================================================================
Received Import Request.
  Time since last request: 0.000050 seconds.
  path: Assets/_Project/Lowpoly Cube Animals 3D/Models/Environment/TreeTall.asset
  artifactKey: Guid(f8ef073dad4107446bdd705518cf1fac) Importer(2089858483,0ecaa5967403d082aa24f35e1b516d23)
Start importing Assets/_Project/Lowpoly Cube Animals 3D/Models/Environment/TreeTall.asset using Guid(f8ef073dad4107446bdd705518cf1fac) Importer(2089858483,0ecaa5967403d082aa24f35e1b516d23) (ScriptedImporter)[PhysX] Initialized MultithreadedTaskDispatcher with 6 workers.
 -> (artifact id: 'fd16142acf10e683d3fe532a28b924c1') in 0.0094985 seconds
Number of updated asset objects reloaded before import = 0Number of asset objects unloaded after import = 1

========================================================================
Received Import Request.
  Time since last request: 0.000042 seconds.
  path: Assets/_Project/Lowpoly Cube Animals 3D
  artifactKey: Guid(6b36358b259d3ee46a96dce02bca3581) Importer(2089858483,0ecaa5967403d082aa24f35e1b516d23)
Start importing Assets/_Project/Lowpoly Cube Animals 3D using Guid(6b36358b259d3ee46a96dce02bca3581) Importer(2089858483,0ecaa5967403d082aa24f35e1b516d23) (ScriptedImporter)[PhysX] Initialized MultithreadedTaskDispatcher with 6 workers.
 -> (artifact id: '353e329389acf7e0baba3a7eb4d22a2e') in 0.0092771 seconds
Number of updated asset objects reloaded before import = 0Number of asset objects unloaded after import = 1

========================================================================
Received Import Request.
  Time since last request: 0.000045 seconds.
  path: Assets/_Project/Lowpoly Cube Animals 3D/Models/Animals/Bear.asset
  artifactKey: Guid(e23e6b2b9f11a1b48a56d6763f6d4c43) Importer(2089858483,0ecaa5967403d082aa24f35e1b516d23)
Start importing Assets/_Project/Lowpoly Cube Animals 3D/Models/Animals/Bear.asset using Guid(e23e6b2b9f11a1b48a56d6763f6d4c43) Importer(2089858483,0ecaa5967403d082aa24f35e1b516d23) (ScriptedImporter)[PhysX] Initialized MultithreadedTaskDispatcher with 6 workers.
 -> (artifact id: 'e483b7ad6325f570dd96d118bb0a08cb') in 0.009309 seconds
Number of updated asset objects reloaded before import = 0Number of asset objects unloaded after import = 1

========================================================================
Received Import Request.
  Time since last request: 0.000024 seconds.
  path: Assets/_Project/Lowpoly Cube Animals 3D/ExplosionFX.prefab
  artifactKey: Guid(6cb8d13d2038d504a82630f29e139e88) Importer(2089858483,0ecaa5967403d082aa24f35e1b516d23)
Start importing Assets/_Project/Lowpoly Cube Animals 3D/ExplosionFX.prefab using Guid(6cb8d13d2038d504a82630f29e139e88) Importer(2089858483,0ecaa5967403d082aa24f35e1b516d23) (ScriptedImporter)[PhysX] Initialized MultithreadedTaskDispatcher with 6 workers.
 -> (artifact id: '2339f32a8f2b5386ff6ca0cef5be94be') in 0.1669218 seconds
Number of updated asset objects reloaded before import = 0Number of asset objects unloaded after import = 6

========================================================================
Received Import Request.
  Time since last request: 0.000039 seconds.
  path: Assets/_Project/Lowpoly Cube Animals 3D/Texture2D/Tut05.png
  artifactKey: Guid(76ce0add900607849a6ceb5b442570b6) Importer(2089858483,0ecaa5967403d082aa24f35e1b516d23)
Start importing Assets/_Project/Lowpoly Cube Animals 3D/Texture2D/Tut05.png using Guid(76ce0add900607849a6ceb5b442570b6) Importer(2089858483,0ecaa5967403d082aa24f35e1b516d23) (ScriptedImporter)[PhysX] Initialized MultithreadedTaskDispatcher with 6 workers.
 -> (artifact id: '17f2b8b4b8d31a6b9e165b833dbd9f37') in 0.0158468 seconds
Number of updated asset objects reloaded before import = 0Number of asset objects unloaded after import = 3

========================================================================
Received Import Request.
  Time since last request: 0.000064 seconds.
  path: Assets/_Project/Lowpoly Cube Animals 3D/Texture2D/sound_off.png
  artifactKey: Guid(1c9d22656b7d1eb4bb6b31d721b8405a) Importer(2089858483,0ecaa5967403d082aa24f35e1b516d23)
Start importing Assets/_Project/Lowpoly Cube Animals 3D/Texture2D/sound_off.png using Guid(1c9d22656b7d1eb4bb6b31d721b8405a) Importer(2089858483,0ecaa5967403d082aa24f35e1b516d23) (ScriptedImporter)[PhysX] Initialized MultithreadedTaskDispatcher with 6 workers.
 -> (artifact id: '25d124ba09762091b631c628c4ad202a') in 0.0157087 seconds
Number of updated asset objects reloaded before import = 0Number of asset objects unloaded after import = 3

========================================================================
Received Import Request.
  Time since last request: 0.000051 seconds.
  path: Assets/_Project/Lowpoly Cube Animals 3D/Texture2D/twitter.png
  artifactKey: Guid(c0d5985cd724f0d45953a2e23b18d928) Importer(2089858483,0ecaa5967403d082aa24f35e1b516d23)
Start importing Assets/_Project/Lowpoly Cube Animals 3D/Texture2D/twitter.png using Guid(c0d5985cd724f0d45953a2e23b18d928) Importer(2089858483,0ecaa5967403d082aa24f35e1b516d23) (ScriptedImporter)[PhysX] Initialized MultithreadedTaskDispatcher with 6 workers.
 -> (artifact id: 'de725ebfc4e9438a15202f411a6da098') in 0.0224772 seconds
Number of updated asset objects reloaded before import = 0Number of asset objects unloaded after import = 3

========================================================================
Received Import Request.
  Time since last request: 0.000032 seconds.
  path: Assets/_Project/Lowpoly Cube Animals 3D/Prefabs/Pig.prefab
  artifactKey: Guid(c261ac2de84915042b720b25b9888203) Importer(2089858483,0ecaa5967403d082aa24f35e1b516d23)
Start importing Assets/_Project/Lowpoly Cube Animals 3D/Prefabs/Pig.prefab using Guid(c261ac2de84915042b720b25b9888203) Importer(2089858483,0ecaa5967403d082aa24f35e1b516d23) (ScriptedImporter)[PhysX] Initialized MultithreadedTaskDispatcher with 6 workers.
 -> (artifact id: 'a1a9ce6636f11b134701c45600e4e117') in 0.0105692 seconds
Number of updated asset objects reloaded before import = 0Number of asset objects unloaded after import = 9

========================================================================
Received Import Request.
  Time since last request: 0.000034 seconds.
  path: Assets/_Project/Lowpoly Cube Animals 3D/Prefabs/Cow.prefab
  artifactKey: Guid(45a25154eb5e9bc48a78f55f1faf819e) Importer(2089858483,0ecaa5967403d082aa24f35e1b516d23)
Start importing Assets/_Project/Lowpoly Cube Animals 3D/Prefabs/Cow.prefab using Guid(45a25154eb5e9bc48a78f55f1faf819e) Importer(2089858483,0ecaa5967403d082aa24f35e1b516d23) (ScriptedImporter)[PhysX] Initialized MultithreadedTaskDispatcher with 6 workers.
 -> (artifact id: 'b27c4267d871c563c9a70b23643a8b70') in 0.0103856 seconds
Number of updated asset objects reloaded before import = 0Number of asset objects unloaded after import = 9

========================================================================
Received Import Request.
  Time since last request: 0.000034 seconds.
  path: Assets/_Project/Lowpoly Cube Animals 3D/Textures
  artifactKey: Guid(3fc7b53ee37b5fd4b8210c5435df0cb2) Importer(2089858483,0ecaa5967403d082aa24f35e1b516d23)
Start importing Assets/_Project/Lowpoly Cube Animals 3D/Textures using Guid(3fc7b53ee37b5fd4b8210c5435df0cb2) Importer(2089858483,0ecaa5967403d082aa24f35e1b516d23) (ScriptedImporter)[PhysX] Initialized MultithreadedTaskDispatcher with 6 workers.
 -> (artifact id: '94ca2bb2c9341139999ae51fef1baa63') in 0.004713 seconds
Number of updated asset objects reloaded before import = 0Number of asset objects unloaded after import = 1

========================================================================
Received Import Request.
  Time since last request: 0.000023 seconds.
  path: Assets/_Project/Lowpoly Cube Animals 3D/Prefabs/Bear.prefab
  artifactKey: Guid(65f20087f41a4f447bfcbf7bad048d1d) Importer(2089858483,0ecaa5967403d082aa24f35e1b516d23)
Start importing Assets/_Project/Lowpoly Cube Animals 3D/Prefabs/Bear.prefab using Guid(65f20087f41a4f447bfcbf7bad048d1d) Importer(2089858483,0ecaa5967403d082aa24f35e1b516d23) (ScriptedImporter)[PhysX] Initialized MultithreadedTaskDispatcher with 6 workers.
 -> (artifact id: '5496e169060f34c7615d14ffdb3453da') in 0.0099153 seconds
Number of updated asset objects reloaded before import = 0Number of asset objects unloaded after import = 9

========================================================================
Received Import Request.
  Time since last request: 0.000026 seconds.
  path: Assets/_Project/Lowpoly Cube Animals 3D/Models/Environment/Tile_1.asset
  artifactKey: Guid(abbf58ace82efc84f9a50105ecfa0877) Importer(2089858483,0ecaa5967403d082aa24f35e1b516d23)
Start importing Assets/_Project/Lowpoly Cube Animals 3D/Models/Environment/Tile_1.asset using Guid(abbf58ace82efc84f9a50105ecfa0877) Importer(2089858483,0ecaa5967403d082aa24f35e1b516d23) (ScriptedImporter)[PhysX] Initialized MultithreadedTaskDispatcher with 6 workers.
 -> (artifact id: 'd953a60a10a960084ee20371cc79baf4') in 0.0067026 seconds
Number of updated asset objects reloaded before import = 0Number of asset objects unloaded after import = 1

========================================================================
Received Import Request.
  Time since last request: 0.000025 seconds.
  path: Assets/_Project/Lowpoly Cube Animals 3D/Prefabs/Panda.prefab
  artifactKey: Guid(f6486c20d58ef1e49aa08975011e1926) Importer(2089858483,0ecaa5967403d082aa24f35e1b516d23)
Start importing Assets/_Project/Lowpoly Cube Animals 3D/Prefabs/Panda.prefab using Guid(f6486c20d58ef1e49aa08975011e1926) Importer(2089858483,0ecaa5967403d082aa24f35e1b516d23) (ScriptedImporter)[PhysX] Initialized MultithreadedTaskDispatcher with 6 workers.
 -> (artifact id: '21c6f682d7b62790f32c02423ecbefb9') in 0.0106535 seconds
Number of updated asset objects reloaded before import = 0Number of asset objects unloaded after import = 9

========================================================================
Received Import Request.
  Time since last request: 0.000031 seconds.
  path: Assets/_Project/Lowpoly Cube Animals 3D/Prefabs/Lion.prefab
  artifactKey: Guid(c3b332594781a584d869682713bc1e4d) Importer(2089858483,0ecaa5967403d082aa24f35e1b516d23)
Start importing Assets/_Project/Lowpoly Cube Animals 3D/Prefabs/Lion.prefab using Guid(c3b332594781a584d869682713bc1e4d) Importer(2089858483,0ecaa5967403d082aa24f35e1b516d23) (ScriptedImporter)[PhysX] Initialized MultithreadedTaskDispatcher with 6 workers.
 -> (artifact id: '8ba16fbad31750e9c913fdf82a12c159') in 0.0090391 seconds
Number of updated asset objects reloaded before import = 0Number of asset objects unloaded after import = 9

========================================================================
Received Import Request.
  Time since last request: 0.000018 seconds.
  path: Assets/_Project/Lowpoly Cube Animals 3D/Texture2D/cancel.png
  artifactKey: Guid(c0f844149bb79344289f4ef078a4c212) Importer(2089858483,0ecaa5967403d082aa24f35e1b516d23)
Start importing Assets/_Project/Lowpoly Cube Animals 3D/Texture2D/cancel.png using Guid(c0f844149bb79344289f4ef078a4c212) Importer(2089858483,0ecaa5967403d082aa24f35e1b516d23) (ScriptedImporter)[PhysX] Initialized MultithreadedTaskDispatcher with 6 workers.
 -> (artifact id: 'bd4b7f8134c9dbbcd933150cedb487fb') in 0.0142689 seconds
Number of updated asset objects reloaded before import = 0Number of asset objects unloaded after import = 3

========================================================================
Received Import Request.
  Time since last request: 0.000025 seconds.
  path: Assets/_Project/Lowpoly Cube Animals 3D/Texture2D/Tut06.png
  artifactKey: Guid(20b7b80e550a9ea40b49a69e335ebc24) Importer(2089858483,0ecaa5967403d082aa24f35e1b516d23)
Start importing Assets/_Project/Lowpoly Cube Animals 3D/Texture2D/Tut06.png using Guid(20b7b80e550a9ea40b49a69e335ebc24) Importer(2089858483,0ecaa5967403d082aa24f35e1b516d23) (ScriptedImporter)[PhysX] Initialized MultithreadedTaskDispatcher with 6 workers.
 -> (artifact id: 'c2d323797f72c10bea68ce37a2b59ec3') in 0.0182849 seconds
Number of updated asset objects reloaded before import = 0Number of asset objects unloaded after import = 3

========================================================================
Received Import Request.
  Time since last request: 0.000031 seconds.
  path: Assets/_Project/Lowpoly Cube Animals 3D/Texture2D/leaderboard.png
  artifactKey: Guid(64db40c59f2fa5f42bf59836bbb7b342) Importer(2089858483,0ecaa5967403d082aa24f35e1b516d23)
Start importing Assets/_Project/Lowpoly Cube Animals 3D/Texture2D/leaderboard.png using Guid(64db40c59f2fa5f42bf59836bbb7b342) Importer(2089858483,0ecaa5967403d082aa24f35e1b516d23) (ScriptedImporter)[PhysX] Initialized MultithreadedTaskDispatcher with 6 workers.
 -> (artifact id: '7dbc6fc2599d81cf574fbad0721a983d') in 0.1499615 seconds
Number of updated asset objects reloaded before import = 0Number of asset objects unloaded after import = 3

========================================================================
Received Import Request.
  Time since last request: 0.000033 seconds.
  path: Assets/_Project/Lowpoly Cube Animals 3D/Materials/Floor_0.mat
  artifactKey: Guid(fd7c3e33e5897c4429d8191a51bc3ec0) Importer(2089858483,0ecaa5967403d082aa24f35e1b516d23)
Start importing Assets/_Project/Lowpoly Cube Animals 3D/Materials/Floor_0.mat using Guid(fd7c3e33e5897c4429d8191a51bc3ec0) Importer(2089858483,0ecaa5967403d082aa24f35e1b516d23) (ScriptedImporter)[PhysX] Initialized MultithreadedTaskDispatcher with 6 workers.
 -> (artifact id: 'c7fd54ca2a9565fe9e3b3b200c9a6bab') in 0.0338108 seconds
Number of updated asset objects reloaded before import = 0Number of asset objects unloaded after import = 1

========================================================================
Received Import Request.
  Time since last request: 0.000031 seconds.
  path: Assets/_Project/Lowpoly Cube Animals 3D/Materials/Coin_Material.mat
  artifactKey: Guid(ce16c9be5e8f1c54eb279440e73659cb) Importer(2089858483,0ecaa5967403d082aa24f35e1b516d23)
Start importing Assets/_Project/Lowpoly Cube Animals 3D/Materials/Coin_Material.mat using Guid(ce16c9be5e8f1c54eb279440e73659cb) Importer(2089858483,0ecaa5967403d082aa24f35e1b516d23) (ScriptedImporter)[PhysX] Initialized MultithreadedTaskDispatcher with 6 workers.
 -> (artifact id: 'bf059525c0480ccc3b41b482fbaccc67') in 0.0327685 seconds
Number of updated asset objects reloaded before import = 0Number of asset objects unloaded after import = 2

========================================================================
Received Import Request.
  Time since last request: 5.847910 seconds.
  path: Assets/_Project/Directional light.prefab
  artifactKey: Guid(cefb756c4baa3a046b9a73d3374123d9) Importer(2089858483,0ecaa5967403d082aa24f35e1b516d23)
Start importing Assets/_Project/Directional light.prefab using Guid(cefb756c4baa3a046b9a73d3374123d9) Importer(2089858483,0ecaa5967403d082aa24f35e1b516d23) (ScriptedImporter)[PhysX] Initialized MultithreadedTaskDispatcher with 6 workers.
 -> (artifact id: '4aa84a665fe895520019893fdf38502f') in 0.0495023 seconds
Number of updated asset objects reloaded before import = 0Number of asset objects unloaded after import = 5

Editor requested this worker to shutdown with reason: Scaling down because of idle timeout
AssetImportWorker is now disconnected from the server
Process exiting
Exiting without the bug reporter. Application will terminate with return code 0