#
# There is insufficient memory for the Java Runtime Environment to continue.
# Native memory allocation (mmap) failed to map 125829120 bytes. Error detail: G1 virtual space
# Possible reasons:
#   The system is out of physical RAM or swap space
#   This process is running with CompressedOops enabled, and the Java Heap may be blocking the growth of the native heap
# Possible solutions:
#   Reduce memory load on the system
#   Increase physical memory or swap space
#   Check if swap backing store is full
#   Decrease Java heap size (-Xmx/-Xms)
#   Decrease number of Java threads
#   Decrease Java thread stack sizes (-Xss)
#   Set larger code cache with -XX:ReservedCodeCacheSize=
#   JVM is running with Unscaled Compressed Oops mode in which the Java heap is
#     placed in the first 4GB address space. The Java Heap base address is the
#     maximum limit for the native heap growth. Please use -XX:HeapBaseMinAddress
#     to set the Java Heap base and to place the Java Heap above 4GB virtual address.
# This output file may be truncated or incomplete.
#
#  Out of Memory Error (os_windows.cpp:3825), pid=11904, tid=9176
#
# JRE version:  (17.0.11+1) (build )
# Java VM: OpenJDK 64-Bit Server VM (17.0.11+1-b1207.24, mixed mode, sharing, tiered, compressed oops, compressed class ptrs, g1 gc, windows-amd64)
# No core dump will be written. Minidumps are not enabled by default on client versions of Windows
#

---------------  S U M M A R Y ------------

Command Line: git4idea.http.GitAskPassApp Username for 'https://github.com': 

Host: AMD Ryzen 5 5625U with Radeon Graphics         , 12 cores, 7G,  Windows 10 , 64 bit Build 19041 (10.0.19041.1889)
Time: Wed Sep 18 22:04:48 2024 RTZ 4 (s 10 , 64 bit Build 19041 (10.0.19041.1889) elapsed time: 0.009925 seconds (0d 0h 0m 0s)

---------------  T H R E A D  ---------------

Current thread (0x0000011bd16ba430):  JavaThread "Unknown thread" [_thread_in_vm, id=9176, stack(0x0000001367900000,0x0000001367a00000)]

Stack: [0x0000001367900000,0x0000001367a00000]
Native frames: (J=compiled Java code, j=interpreted, Vv=VM code, C=native code)
V  [jvm.dll+0x6877f9]
V  [jvm.dll+0x8411aa]
V  [jvm.dll+0x842e2e]
V  [jvm.dll+0x843493]
V  [jvm.dll+0x249fdf]
V  [jvm.dll+0x6845c9]
V  [jvm.dll+0x678e7a]
V  [jvm.dll+0x30ab4b]
V  [jvm.dll+0x311ff6]
V  [jvm.dll+0x361a5e]
V  [jvm.dll+0x361c8f]
V  [jvm.dll+0x2e0978]
V  [jvm.dll+0x2e18e4]
V  [jvm.dll+0x811c71]
V  [jvm.dll+0x36f7c8]
V  [jvm.dll+0x7f05f6]
V  [jvm.dll+0x3f398f]
V  [jvm.dll+0x3f5541]
C  [jli.dll+0x528f]
C  [ucrtbase.dll+0x21bb2]
C  [KERNEL32.DLL+0x17034]
C  [ntdll.dll+0x526a1]


---------------  P R O C E S S  ---------------

Threads class SMR info:
_java_thread_list=0x00007ff8f849efd8, length=0, elements={
}

Java Threads: ( => current thread )

Other Threads:
  0x0000011bd1710900 GCTaskThread "GC Thread#0" [stack: 0x0000001367a00000,0x0000001367b00000] [id=6572]
  0x0000011bd17204d0 ConcurrentGCThread "G1 Main Marker" [stack: 0x0000001367b00000,0x0000001367c00000] [id=4932]
  0x0000011bd1721690 ConcurrentGCThread "G1 Conc#0" [stack: 0x0000001367c00000,0x0000001367d00000] [id=524]

[error occurred during error reporting (printing all threads), id 0xc0000005, EXCEPTION_ACCESS_VIOLATION (0xc0000005) at pc=0x00007ff8f7c51547]

VM state: not at safepoint (not fully initialized)

VM Mutex/Monitor currently owned by a thread:  ([mutex/lock_event])
[0x0000011bd16b5540] Heap_lock - owner thread: 0x0000011bd16ba430

Heap address: 0x0000000089c00000, size: 1892 MB, Compressed Oops mode: 32-bit

CDS archive(s) mapped at: [0x0000000000000000-0x0000000000000000-0x0000000000000000), size 0, SharedBaseAddress: 0x0000000800000000, ArchiveRelocationMode: 1.
Narrow klass base: 0x0000000000000000, Narrow klass shift: 0, Narrow klass range: 0x0

GC Precious Log:
<Empty>

Heap:
 garbage-first heap   total 0K, used 0K [0x0000000089c00000, 0x0000000100000000)
  region size 1024K, 0 young (0K), 0 survivors (0K)
 Metaspace       used 0K, committed 0K, reserved 0K
  class space    used 0K, committed 0K, reserved 0K

Heap Regions: E=young(eden), S=young(survivor), O=old, HS=humongous(starts), HC=humongous(continues), CS=collection set, F=free, OA=open archive, CA=closed archive, TAMS=top-at-mark-start (previous, next)

Card table byte_map: [0x0000011be4770000,0x0000011be4b30000] _byte_map_base: 0x0000011be4322000

Marking Bits (Prev, Next): (CMBitMap*) 0x0000011bd1710f20, (CMBitMap*) 0x0000011bd1710f60
 Prev Bits: [0x0000011be4ef0000, 0x0000011be6c80000)
 Next Bits: [0x0000011be6c80000, 0x0000011be8a10000)

GC Heap History (0 events):
No events

Dll operation events (1 events):
Event: 0.005 Loaded shared library D:\Applications\JetBrains Rider 2024.1.4\jbr\bin\java.dll

Deoptimization events (0 events):
No events

Classes unloaded (0 events):
No events

Classes redefined (0 events):
No events

Internal exceptions (0 events):
No events

VM Operations (0 events):
No events

Events (0 events):
No events


Dynamic libraries:
0x00007ff6176c0000 - 0x00007ff6176ca000 	D:\Applications\JetBrains Rider 2024.1.4\jbr\bin\java.exe
0x00007ff94b0d0000 - 0x00007ff94b2c8000 	C:\Windows\SYSTEM32\ntdll.dll
0x00007ff94ad60000 - 0x00007ff94ae1d000 	C:\Windows\System32\KERNEL32.DLL
0x00007ff948a60000 - 0x00007ff948d32000 	C:\Windows\System32\KERNELBASE.dll
0x00007ff948d40000 - 0x00007ff948e40000 	C:\Windows\System32\ucrtbase.dll
0x00007ff928080000 - 0x00007ff92809b000 	D:\Applications\JetBrains Rider 2024.1.4\jbr\bin\VCRUNTIME140.dll
0x00007ff9280f0000 - 0x00007ff928107000 	D:\Applications\JetBrains Rider 2024.1.4\jbr\bin\jli.dll
0x00007ff949fe0000 - 0x00007ff94a17d000 	C:\Windows\System32\USER32.dll
0x00007ff948ee0000 - 0x00007ff948f02000 	C:\Windows\System32\win32u.dll
0x00007ff934580000 - 0x00007ff93481a000 	C:\Windows\WinSxS\amd64_microsoft.windows.common-controls_6595b64144ccf1df_6.0.19041.1110_none_60b5254171f9507e\COMCTL32.dll
0x00007ff949e80000 - 0x00007ff949eab000 	C:\Windows\System32\GDI32.dll
0x00007ff94a360000 - 0x00007ff94a3fe000 	C:\Windows\System32\msvcrt.dll
0x00007ff948810000 - 0x00007ff94891f000 	C:\Windows\System32\gdi32full.dll
0x00007ff948e40000 - 0x00007ff948edd000 	C:\Windows\System32\msvcp_win.dll
0x00007ff94a5d0000 - 0x00007ff94a600000 	C:\Windows\System32\IMM32.DLL
0x00007ff93b130000 - 0x00007ff93b13c000 	D:\Applications\JetBrains Rider 2024.1.4\jbr\bin\vcruntime140_1.dll
0x00007ff90b570000 - 0x00007ff90b5fd000 	D:\Applications\JetBrains Rider 2024.1.4\jbr\bin\msvcp140.dll
0x00007ff8f7960000 - 0x00007ff8f85e3000 	D:\Applications\JetBrains Rider 2024.1.4\jbr\bin\server\jvm.dll
0x00007ff94a180000 - 0x00007ff94a22e000 	C:\Windows\System32\ADVAPI32.dll
0x00007ff94a530000 - 0x00007ff94a5cc000 	C:\Windows\System32\sechost.dll
0x00007ff949eb0000 - 0x00007ff949fd5000 	C:\Windows\System32\RPCRT4.dll
0x00007ff9485a0000 - 0x00007ff9485eb000 	C:\Windows\SYSTEM32\POWRPROF.dll
0x00007ff93b0b0000 - 0x00007ff93b0b9000 	C:\Windows\SYSTEM32\WSOCK32.dll
0x00007ff941b20000 - 0x00007ff941b47000 	C:\Windows\SYSTEM32\WINMM.dll
0x00007ff941d70000 - 0x00007ff941d7a000 	C:\Windows\SYSTEM32\VERSION.dll
0x00007ff949bf0000 - 0x00007ff949c5b000 	C:\Windows\System32\WS2_32.dll
0x00007ff948380000 - 0x00007ff948392000 	C:\Windows\SYSTEM32\UMPDC.dll
0x00007ff946680000 - 0x00007ff946692000 	C:\Windows\SYSTEM32\kernel.appcore.dll
0x00007ff93b0a0000 - 0x00007ff93b0aa000 	D:\Applications\JetBrains Rider 2024.1.4\jbr\bin\jimage.dll
0x00007ff940b90000 - 0x00007ff940d74000 	C:\Windows\SYSTEM32\DBGHELP.DLL
0x00007ff93ae20000 - 0x00007ff93ae4c000 	C:\Windows\SYSTEM32\dbgcore.DLL
0x00007ff9489d0000 - 0x00007ff948a52000 	C:\Windows\System32\bcryptPrimitives.dll
0x00007ff93b070000 - 0x00007ff93b095000 	D:\Applications\JetBrains Rider 2024.1.4\jbr\bin\java.dll

dbghelp: loaded successfully - version: 4.0.5 - missing functions: none
symbol engine: initialized successfully - sym options: 0x614 - pdb path: .;D:\Applications\JetBrains Rider 2024.1.4\jbr\bin;C:\Windows\SYSTEM32;C:\Windows\WinSxS\amd64_microsoft.windows.common-controls_6595b64144ccf1df_6.0.19041.1110_none_60b5254171f9507e;D:\Applications\JetBrains Rider 2024.1.4\jbr\bin\server

VM Arguments:
java_command: git4idea.http.GitAskPassApp Username for 'https://github.com': 
java_class_path (initial): D:/Applications/JetBrains Rider 2024.1.4/plugins/vcs-git/lib/git4idea-rt.jar;D:/Applications/JetBrains Rider 2024.1.4/lib/externalProcess-rt.jar
Launcher Type: SUN_STANDARD

[Global flags]
     intx CICompilerCount                          = 4                                         {product} {ergonomic}
     uint ConcGCThreads                            = 3                                         {product} {ergonomic}
     uint G1ConcRefinementThreads                  = 10                                        {product} {ergonomic}
   size_t G1HeapRegionSize                         = 1048576                                   {product} {ergonomic}
    uintx GCDrainStackTargetSize                   = 64                                        {product} {ergonomic}
   size_t InitialHeapSize                          = 125829120                                 {product} {ergonomic}
   size_t MarkStackSize                            = 4194304                                   {product} {ergonomic}
   size_t MaxHeapSize                              = 1983905792                                {product} {ergonomic}
   size_t MinHeapDeltaBytes                        = 1048576                                   {product} {ergonomic}
   size_t MinHeapSize                              = 8388608                                   {product} {ergonomic}
    uintx NonNMethodCodeHeapSize                   = 5839372                                {pd product} {ergonomic}
    uintx NonProfiledCodeHeapSize                  = 122909434                              {pd product} {ergonomic}
    uintx ProfiledCodeHeapSize                     = 122909434                              {pd product} {ergonomic}
    uintx ReservedCodeCacheSize                    = 251658240                              {pd product} {ergonomic}
     bool SegmentedCodeCache                       = true                                      {product} {ergonomic}
   size_t SoftMaxHeapSize                          = 1983905792                             {manageable} {ergonomic}
     bool UseCompressedClassPointers               = true                           {product lp64_product} {ergonomic}
     bool UseCompressedOops                        = true                           {product lp64_product} {ergonomic}
     bool UseG1GC                                  = true                                      {product} {ergonomic}
     bool UseLargePagesIndividualAllocation        = false                                  {pd product} {ergonomic}

Logging:
Log output configuration:
 #0: stdout all=warning uptime,level,tags
 #1: stderr all=off uptime,level,tags

Environment Variables:
PATH=D:/games/Git/mingw64/libexec/git-core;D:/games/Git/mingw64/libexec/git-core;D:\games\Git\mingw64\bin;D:\games\Git\usr\bin;C:\Users\stepa\bin;C:\Program Files (x86)\Common Files\Intel\Shared Libraries\redist\intel64\compiler;C:\Program Files\Microsoft MPI\Bin\;C:\Windows\system32;C:\Windows;C:\Windows\System32\Wbem;C:\Windows\System32\WindowsPowerShell\v1.0\;C:\Windows\System32\OpenSSH\;C:\Program Files\dotnet\;C:\Program Files (x86)\Microsoft SQL Server\160\DTS\Binn\;C:\Program Files\Azure Data Studio\bin;C:\Program Files (x86)\Microsoft SQL Server\160\Tools\Binn\;C:\Program Files\Microsoft SQL Server\160\Tools\Binn\;C:\Program Files\Microsoft SQL Server\Client SDK\ODBC\170\Tools\Binn\;C:\Program Files\Microsoft SQL Server\160\DTS\Binn\;D:\games\Git\cmd;D:\games\Git\bin;C:\Users\stepa\AppData\Local\Programs\Python\Python312\Scripts\;C:\Users\stepa\AppData\Local\Programs\Python\Python312\;C:\Users\stepa\AppData\Local\Microsoft\WindowsApps;C:\Users\stepa\.dotnet\tools;D:\загрузки\Rider\JetBrains Rider 2022.3\bin;C:\Users\stepa\AppData\Local\GitHubDesktop\bin;C:\Program Files\Azure Data Studio\bin;D:\games\Microsoft VS Code\bin;C:\Users\stepa\AppData\Local\JetBrains\Toolbox\scripts;D:\Applications\GitHubDesktop\bin;C:\Users\stepa\AppData\Local\Muse Hub\lib;C:\Users\stepa\AppData\Roaming\Programs\Zero Install;C:\Users\stepa\AppData\Local\Muse Hub\lib
USERNAME=stepa
DISPLAY=:0.0
LC_ALL=en_US.UTF-8
TERM=xterm-256color
TMPDIR=C:\Users\stepa\AppData\Local\Temp
OS=Windows_NT
PROCESSOR_IDENTIFIER=AMD64 Family 25 Model 80 Stepping 0, AuthenticAMD
TMP=C:\Users\stepa\AppData\Local\Temp
TEMP=C:\Users\stepa\AppData\Local\Temp



Periodic native trim disabled

JNI global refs:
JNI global refs: 0, weak refs: 0

JNI global refs memory usage: 0, weak refs: 0

Process memory usage:
Resident Set Size: 10732K (0% of 7742900K total physical memory with 496808K free physical memory)

OOME stack traces (most recent first):
Classloader memory used:


---------------  S Y S T E M  ---------------

OS:
 Windows 10 , 64 bit Build 19041 (10.0.19041.1889)
OS uptime: 0 days 10:57 hours

CPU: total 12 (initial active 12) (12 cores per cpu, 2 threads per core) family 25 model 80 stepping 0 microcode 0x0, cx8, cmov, fxsr, ht, mmx, 3dnowpref, sse, sse2, sse3, ssse3, sse4a, sse4.1, sse4.2, popcnt, lzcnt, tsc, tscinvbit, avx, avx2, aes, erms, clmul, bmi1, bmi2, adx, sha, fma, vzeroupper, clflush, clflushopt
Processor Information for all 12 processors :
  Max Mhz: 2301, Current Mhz: 2301, Mhz Limit: 2301

Memory: 4k page, system-wide physical 7561M (485M free)
TotalPageFile size 22451M (AvailPageFile size 51M)
current process WorkingSet (physical memory assigned to process): 10M, peak: 10M
current process commit charge ("private bytes"): 64M, peak: 184M

vm_info: OpenJDK 64-Bit Server VM (17.0.11+1-b1207.24) for windows-amd64 JRE (17.0.11+1-b1207.24), built on 2024-05-15 by "builduser" with MS VC++ 16.10 / 16.11 (VS2019)

END.
